
R version 4.0.2 (2020-06-22) -- "Taking Off Again"
Copyright (C) 2020 The R Foundation for Statistical Computing
Platform: x86_64-pc-linux-gnu (64-bit)

R is free software and comes with ABSOLUTELY NO WARRANTY.
You are welcome to redistribute it under certain conditions.
Type 'license()' or 'licence()' for distribution details.

  Natural language support but running in an English locale

R is a collaborative project with many contributors.
Type 'contributors()' for more information and
'citation()' on how to cite R or R packages in publications.

Type 'demo()' for some demos, 'help()' for on-line help, or
'help.start()' for an HTML browser interface to help.
Type 'q()' to quit R.

> setwd('/home/yfan/Code/yfan_nanopore/nivar/paperfigs/')
> library(tidyverse)

── Attaching packages ─────────────────────────────────────── tidyverse 1.3.0 ──
✔ ggplot2 3.3.2     ✔ purrr   0.3.4
✔ tibble  3.0.1     ✔ dplyr   1.0.0
✔ tidyr   1.1.0     ✔ stringr 1.4.0
✔ readr   1.3.1     ✔ forcats 0.5.0
── Conflicts ────────────────────────────────────────── tidyverse_conflicts() ──
✖ dplyr::filter() masks stats::filter()
✖ dplyr::lag()    masks stats::lag()
> library(tidyr)
> library(gridExtra)

Attaching package: ‘gridExtra’

The following object is masked from ‘package:dplyr’:

    combine

> library(Biostrings)
Loading required package: BiocGenerics
Loading required package: parallel

Attaching package: ‘BiocGenerics’

The following objects are masked from ‘package:parallel’:

    clusterApply, clusterApplyLB, clusterCall, clusterEvalQ,
    clusterExport, clusterMap, parApply, parCapply, parLapply,
    parLapplyLB, parRapply, parSapply, parSapplyLB

The following object is masked from ‘package:gridExtra’:

    combine

The following objects are masked from ‘package:dplyr’:

    combine, intersect, setdiff, union

The following objects are masked from ‘package:stats’:

    IQR, mad, sd, var, xtabs

The following objects are masked from ‘package:base’:

    anyDuplicated, append, as.data.frame, basename, cbind, colnames,
    dirname, do.call, duplicated, eval, evalq, Filter, Find, get, grep,
    grepl, intersect, is.unsorted, lapply, Map, mapply, match, mget,
    order, paste, pmax, pmax.int, pmin, pmin.int, Position, rank,
    rbind, Reduce, rownames, sapply, setdiff, sort, table, tapply,
    union, unique, unsplit, which, which.max, which.min

Loading required package: S4Vectors
Loading required package: stats4

Attaching package: ‘S4Vectors’

The following objects are masked from ‘package:dplyr’:

    first, rename

The following object is masked from ‘package:tidyr’:

    expand

The following object is masked from ‘package:base’:

    expand.grid

Loading required package: IRanges

Attaching package: ‘IRanges’

The following objects are masked from ‘package:dplyr’:

    collapse, desc, slice

The following object is masked from ‘package:purrr’:

    reduce

Loading required package: XVector

Attaching package: ‘XVector’

The following object is masked from ‘package:purrr’:

    compact


Attaching package: ‘Biostrings’

The following object is masked from ‘package:base’:

    strsplit

> library(GenomicRanges)
Loading required package: GenomeInfoDb
> library(BSgenome)
Loading required package: rtracklayer
> library(R.utils)
Loading required package: R.oo
Loading required package: R.methodsS3
R.methodsS3 v1.8.0 (2020-02-14 07:10:20 UTC) successfully loaded. See ?R.methodsS3 for help.
R.oo v1.23.0 successfully loaded. See ?R.oo for help.

Attaching package: ‘R.oo’

The following object is masked from ‘package:R.methodsS3’:

    throw

The following object is masked from ‘package:GenomicRanges’:

    trim

The following object is masked from ‘package:IRanges’:

    trim

The following objects are masked from ‘package:methods’:

    getClasses, getMethods

The following objects are masked from ‘package:base’:

    attach, detach, load, save

R.utils v2.9.2 successfully loaded. See ?R.utils for help.

Attaching package: ‘R.utils’

The following object is masked from ‘package:tidyr’:

    extract

The following object is masked from ‘package:utils’:

    timestamp

The following objects are masked from ‘package:base’:

    cat, commandArgs, getOption, inherits, isOpen, nullfile, parse,
    warnings

> library(foreach)

Attaching package: ‘foreach’

The following objects are masked from ‘package:purrr’:

    accumulate, when

> library(doParallel)
Loading required package: iterators
> 
> dbxdir='~/Dropbox/yfan/nivar/'
> datadir='/uru/Data/Nanopore/projects/nivar/paperfigs/'
> 
> reffile='/uru/Data/Nanopore/projects/nivar/reference/candida_nivariensis.fa'
> glafile='/uru/Data/Nanopore/projects/nivar/reference/medusa_fungi/candida_glabrata.fa'
> xufile='/uru/Data/Nanopore/projects/nivar/paperfigs/patho/glabrata_xu.fa'
> 
> regionsfile='/uru/Data/Nanopore/projects/nivar/paperfigs/patho/gpicwp_regions.csv'
> nivhits=read_tsv(nivtsv)
Error in is.connection(x) : object 'nivtsv' not found
> nivtsv=file.path(datadir, 'patho', 'nivar.final.gpicwp_hits.tsv')
> reftsv=file.path(datadir, 'patho', 'candida_nivariensis.tsv')
> nivhits=read_tsv(nivtsv)
Parsed with column specification:
cols(
  `# BLASTN 2.6.0+` = col_character()
)
Warning: 197 parsing failures.
row col  expected     actual                                                                             file
 13  -- 1 columns 12 columns '/uru/Data/Nanopore/projects/nivar/paperfigs//patho/nivar.final.gpicwp_hits.tsv'
 27  -- 1 columns 12 columns '/uru/Data/Nanopore/projects/nivar/paperfigs//patho/nivar.final.gpicwp_hits.tsv'
 28  -- 1 columns 12 columns '/uru/Data/Nanopore/projects/nivar/paperfigs//patho/nivar.final.gpicwp_hits.tsv'
 29  -- 1 columns 12 columns '/uru/Data/Nanopore/projects/nivar/paperfigs//patho/nivar.final.gpicwp_hits.tsv'
 30  -- 1 columns 12 columns '/uru/Data/Nanopore/projects/nivar/paperfigs//patho/nivar.final.gpicwp_hits.tsv'
... ... ......... .......... ................................................................................
See problems(...) for more details.

> nivhits=read_tsv(nivtsv, comment='#')
Parsed with column specification:
cols(
  CAGL0A04829g = col_character(),
  tig06 = col_character(),
  `82.777` = col_double(),
  `1469` = col_double(),
  `237` = col_double(),
  `15` = col_double(),
  `1` = col_double(),
  `1461` = col_double(),
  `873556` = col_double(),
  `872096` = col_double(),
  `0.0` = col_double(),
  `1297` = col_double()
)
> nivhtis
Error: object 'nivhtis' not found
> nivhits
# A tibble: 196 x 12
   CAGL0A04829g tig06 `82.777` `1469` `237`  `15`   `1` `1461` `873556` `872096`
   <chr>        <chr>    <dbl>  <dbl> <dbl> <dbl> <dbl>  <dbl>    <dbl>    <dbl>
 1 CAGL0B00165r tig09     91.6    119     7     3     1    119   186341   186456
 2 CAGL0B00165r tig09     89.9    119     8     3     1    119    72671    72785
 3 CAGL0B00165r tig03     90.8    119     7     3     1    119   957208   957322
 4 CAGL0B00165r tig03     90.8    119     7     3     1    119  1057647  1057761
 5 CAGL0B00165r tig10     89.9    119     8     3     1    119    78834    78948
 6 CAGL0B00165r tig07     89.9    119     8     3     1    119   159538   159424
 7 CAGL0B00165r tig01     89.9    119     8     3     1    119   189304   189190
 8 CAGL0B00165r tig01     89.1    119     9     3     1    119  1251247  1251133
 9 CAGL0B00165r tig08     89.1    119     9     3     1    119     9259     9373
10 CAGL0B00165r tig06     88.2    119    10     3     1    119   877008   876894
# … with 186 more rows, and 2 more variables: `0.0` <dbl>, `1297` <dbl>
> cnames=c('gene', 'chr', 'ident', 'alignlen', 'mismatches', 'gap', 'qstart', 'qend', 'sstart', 'send', 'eval', 'store')
> cnames=c('gene', 'chr', 'ident', 'alignlen', 'mismatches', 'gap', 'qstart', 'qend', 'sstart', 'send', 'eval', 'store')
> nivhits=read_tsv(nivtsv, comment='#', col_names=cnames)
Parsed with column specification:
cols(
  gene = col_character(),
  chr = col_character(),
  ident = col_double(),
  alignlen = col_double(),
  mismatches = col_double(),
  gap = col_double(),
  qstart = col_double(),
  qend = col_double(),
  sstart = col_double(),
  send = col_double(),
  eval = col_double(),
  store = col_double()
)
> nivhits
# A tibble: 197 x 12
   gene  chr   ident alignlen mismatches   gap qstart  qend sstart   send
   <chr> <chr> <dbl>    <dbl>      <dbl> <dbl>  <dbl> <dbl>  <dbl>  <dbl>
 1 CAGL… tig06  82.8     1469        237    15      1  1461 8.74e5 8.72e5
 2 CAGL… tig09  91.6      119          7     3      1   119 1.86e5 1.86e5
 3 CAGL… tig09  89.9      119          8     3      1   119 7.27e4 7.28e4
 4 CAGL… tig03  90.8      119          7     3      1   119 9.57e5 9.57e5
 5 CAGL… tig03  90.8      119          7     3      1   119 1.06e6 1.06e6
 6 CAGL… tig10  89.9      119          8     3      1   119 7.88e4 7.89e4
 7 CAGL… tig07  89.9      119          8     3      1   119 1.60e5 1.59e5
 8 CAGL… tig01  89.9      119          8     3      1   119 1.89e5 1.89e5
 9 CAGL… tig01  89.1      119          9     3      1   119 1.25e6 1.25e6
10 CAGL… tig08  89.1      119          9     3      1   119 9.26e3 9.37e3
# … with 187 more rows, and 2 more variables: eval <dbl>, store <dbl>
> refhits=read_tsv(reftsv, comment='#', col_names=cnames)
Parsed with column specification:
cols(
  gene = col_character(),
  chr = col_character(),
  ident = col_double(),
  alignlen = col_double(),
  mismatches = col_double(),
  gap = col_double(),
  qstart = col_double(),
  qend = col_double(),
  sstart = col_double(),
  send = col_double(),
  eval = col_double(),
  store = col_double()
)
> refhits
# A tibble: 94 x 12
   gene  chr   ident alignlen mismatches   gap qstart  qend sstart   send
   <chr> <chr> <dbl>    <dbl>      <dbl> <dbl>  <dbl> <dbl>  <dbl>  <dbl>
 1 CAGL… CAPV…  82.8     1469        237    15      1  1461   6449   7909
 2 CAGL… CAPV…  91.6      119          7     3      1   119  44224  44109
 3 CAGL… CAPV…  90.8      119          7     3      1   119    967    853
 4 CAGL… CAPV…  90.8      119          7     3      1   119  37179  37065
 5 CAGL… CAPV…  89.9      119          8     3      1   119  18623  18509
 6 CAGL… CAPV…  89.9      119          8     3      1   119 746518 746632
 7 CAGL… CAPV…  89.9      119          8     3      1   119   2158   2044
 8 CAGL… CAPV…  89.9      119          8     3      1   119  46289  46403
 9 CAGL… CAPV…  89.1      119          9     3      1   119 171538 171652
10 CAGL… CAPV…  89.1      119          9     3      1   119   4873   4987
# … with 84 more rows, and 2 more variables: eval <dbl>, store <dbl>
> unique(refhits$gene)
 [1] "CAGL0A04829g" "CAGL0B00165r" "CAGL0B00220g" "CAGL0B00242g" "CAGL0D00176g"
 [6] "CAGL0D06688g" "CAGL0E00297r" "CAGL0E06556g" "CAGL0H10604g" "CAGL0I00286g"
[11] "CAGL0J00143r" "CAGL0J00165g" "CAGL0J11968g" "CAGL0L00319g" "CAGL0L13365r"
[16] "CAGL0L13387r" "CAGL0L13398r" "CAGL0L13409r" "CAGL0L13420r" "CAGL0L13431r"
[21] "CAGL0L13442r" "CAGL0L13453r" "CAGL0L13464r" "CAGL0L13475r" "CAGL0L13486r"
[26] "CAGL0L13497r" "CAGL0L13508r" "CAGL0L13519r" "CAGL0L13530r" "CAGL0L13541r"
[31] "CAGL0M14047g" "CAGL0M14069g" "CAGL0M14124r" "CAGL0M14135r" "CAGL0M14146r"
[36] "CAGL0M14157r" "CAGL0M14168r" "CAGL0M14179r" "CAGL0M14190r" "CAGL0M14201r"
[41] "CAGL0M14212r" "CAGL0M14223r" "CAGL0M14234r" "CAGL0M14245r" "CAGL0M14256r"
[46] "CAGL0M14267r" "CAGL0M14278r" "CAGL0M14289r"
> nivhits=read_tsv(nivtsv, comment='#', col_names=cnames) %>%
+     filter(ident>500)
Parsed with column specification:
cols(
  gene = col_character(),
  chr = col_character(),
  ident = col_double(),
  alignlen = col_double(),
  mismatches = col_double(),
  gap = col_double(),
  qstart = col_double(),
  qend = col_double(),
  sstart = col_double(),
  send = col_double(),
  eval = col_double(),
  store = col_double()
)
> nivhits
# A tibble: 0 x 12
# … with 12 variables: gene <chr>, chr <chr>, ident <dbl>, alignlen <dbl>,
#   mismatches <dbl>, gap <dbl>, qstart <dbl>, qend <dbl>, sstart <dbl>,
#   send <dbl>, eval <dbl>, store <dbl>
> nivhits=read_tsv(nivtsv, comment='#', col_names=cnames) %>%
+     filter(alignlen>500)
Parsed with column specification:
cols(
  gene = col_character(),
  chr = col_character(),
  ident = col_double(),
  alignlen = col_double(),
  mismatches = col_double(),
  gap = col_double(),
  qstart = col_double(),
  qend = col_double(),
  sstart = col_double(),
  send = col_double(),
  eval = col_double(),
  store = col_double()
)
> nivhits
# A tibble: 83 x 12
   gene  chr   ident alignlen mismatches   gap qstart  qend sstart   send
   <chr> <chr> <dbl>    <dbl>      <dbl> <dbl>  <dbl> <dbl>  <dbl>  <dbl>
 1 CAGL… tig06  82.8     1469        237    15      1  1461 8.74e5 8.72e5
 2 CAGL… tig01  89.8     1369        134     6     18  1383 1.00e6 1.00e6
 3 CAGL… tig04  83.4     1522        248     4     56  1575 9.30e5 9.31e5
 4 CAGL… tig05  73.3      984        222    35    553  1515 5.09e5 5.08e5
 5 CAGL… tig01  73.9     1271        309    20     39  1298 1.42e6 1.42e6
 6 CAGL… tig07  80       1110        202     6    127  1235 8.95e4 9.06e4
 7 CAGL… tig12  85.5     1543        222     2    115  1656 6.01e5 6.02e5
 8 CAGL… tig12  77.6     1498        299    34    183  1661 1.71e5 1.70e5
 9 CAGL… tig05  78.5     1560        318    17    118  1668 9.11e5 9.13e5
10 CAGL… tig05  78.5     1560        318    17    118  1668 9.15e5 9.16e5
# … with 73 more rows, and 2 more variables: eval <dbl>, store <dbl>
> refhits=read_tsv(reftsv, comment='#', col_names=cnames) %>%
+     filter(alignlen>500)
Parsed with column specification:
cols(
  gene = col_character(),
  chr = col_character(),
  ident = col_double(),
  alignlen = col_double(),
  mismatches = col_double(),
  gap = col_double(),
  qstart = col_double(),
  qend = col_double(),
  sstart = col_double(),
  send = col_double(),
  eval = col_double(),
  store = col_double()
)
> refhits
# A tibble: 48 x 12
   gene  chr   ident alignlen mismatches   gap qstart  qend sstart   send
   <chr> <chr> <dbl>    <dbl>      <dbl> <dbl>  <dbl> <dbl>  <dbl>  <dbl>
 1 CAGL… CAPV…  82.8     1469        237    15      1  1461   6449   7909
 2 CAGL… CAPV…  89.8     1369        134     6     18  1383 420949 422314
 3 CAGL… CAPV…  83.4     1522        248     4     56  1575   2583   1064
 4 CAGL… CAPV…  73.3      984        222    34    553  1515  56599  57562
 5 CAGL… CAPV…  73.9     1271        309    20     39  1298   5995   4737
 6 CAGL… CAPV…  80       1110        202     6    127  1235 116307 115217
 7 CAGL… CAPV…  85.5     1543        222     2    115  1656 226306 227847
 8 CAGL… CAPV…  78.5     1560        318    17    118  1668  84119  82569
 9 CAGL… CAPV…  78.7     1517        307    14    154  1662 106312 107820
10 CAGL… CAPV…  77.6     1498        299    34    183  1661  78336  76857
# … with 38 more rows, and 2 more variables: eval <dbl>, store <dbl>
> nivhits
# A tibble: 83 x 12
   gene  chr   ident alignlen mismatches   gap qstart  qend sstart   send
   <chr> <chr> <dbl>    <dbl>      <dbl> <dbl>  <dbl> <dbl>  <dbl>  <dbl>
 1 CAGL… tig06  82.8     1469        237    15      1  1461 8.74e5 8.72e5
 2 CAGL… tig01  89.8     1369        134     6     18  1383 1.00e6 1.00e6
 3 CAGL… tig04  83.4     1522        248     4     56  1575 9.30e5 9.31e5
 4 CAGL… tig05  73.3      984        222    35    553  1515 5.09e5 5.08e5
 5 CAGL… tig01  73.9     1271        309    20     39  1298 1.42e6 1.42e6
 6 CAGL… tig07  80       1110        202     6    127  1235 8.95e4 9.06e4
 7 CAGL… tig12  85.5     1543        222     2    115  1656 6.01e5 6.02e5
 8 CAGL… tig12  77.6     1498        299    34    183  1661 1.71e5 1.70e5
 9 CAGL… tig05  78.5     1560        318    17    118  1668 9.11e5 9.13e5
10 CAGL… tig05  78.5     1560        318    17    118  1668 9.15e5 9.16e5
# … with 73 more rows, and 2 more variables: eval <dbl>, store <dbl>
> nivhits=read_tsv(nivtsv, comment='#', col_names=cnames) %>%
+     filter(alignlen>500)
Parsed with column specification:
cols(
  gene = col_character(),
  chr = col_character(),
  ident = col_double(),
  alignlen = col_double(),
  mismatches = col_double(),
  gap = col_double(),
  qstart = col_double(),
  qend = col_double(),
  sstart = col_double(),
  send = col_double(),
  eval = col_double(),
  store = col_double()
)
> nivhits
# A tibble: 83 x 12
   gene  chr   ident alignlen mismatches   gap qstart  qend sstart   send
   <chr> <chr> <dbl>    <dbl>      <dbl> <dbl>  <dbl> <dbl>  <dbl>  <dbl>
 1 CAGL… tig06  82.8     1469        237    15      1  1461 8.74e5 8.72e5
 2 CAGL… tig01  89.8     1369        134     6     18  1383 1.00e6 1.00e6
 3 CAGL… tig04  83.4     1522        248     4     56  1575 9.30e5 9.31e5
 4 CAGL… tig05  73.3      984        222    35    553  1515 5.09e5 5.08e5
 5 CAGL… tig01  73.9     1271        309    20     39  1298 1.42e6 1.42e6
 6 CAGL… tig07  80       1110        202     6    127  1235 8.95e4 9.06e4
 7 CAGL… tig12  85.5     1543        222     2    115  1656 6.01e5 6.02e5
 8 CAGL… tig12  77.6     1498        299    34    183  1661 1.71e5 1.70e5
 9 CAGL… tig05  78.5     1560        318    17    118  1668 9.11e5 9.13e5
10 CAGL… tig05  78.5     1560        318    17    118  1668 9.15e5 9.16e5
# … with 73 more rows, and 2 more variables: eval <dbl>, store <dbl>
> refhits
# A tibble: 48 x 12
   gene  chr   ident alignlen mismatches   gap qstart  qend sstart   send
   <chr> <chr> <dbl>    <dbl>      <dbl> <dbl>  <dbl> <dbl>  <dbl>  <dbl>
 1 CAGL… CAPV…  82.8     1469        237    15      1  1461   6449   7909
 2 CAGL… CAPV…  89.8     1369        134     6     18  1383 420949 422314
 3 CAGL… CAPV…  83.4     1522        248     4     56  1575   2583   1064
 4 CAGL… CAPV…  73.3      984        222    34    553  1515  56599  57562
 5 CAGL… CAPV…  73.9     1271        309    20     39  1298   5995   4737
 6 CAGL… CAPV…  80       1110        202     6    127  1235 116307 115217
 7 CAGL… CAPV…  85.5     1543        222     2    115  1656 226306 227847
 8 CAGL… CAPV…  78.5     1560        318    17    118  1668  84119  82569
 9 CAGL… CAPV…  78.7     1517        307    14    154  1662 106312 107820
10 CAGL… CAPV…  77.6     1498        299    34    183  1661  78336  76857
# … with 38 more rows, and 2 more variables: eval <dbl>, store <dbl>
> nivonly=nivhits %>%
+     rowwise() %>%
+     filter(! gene %in% refhits$gene)
> nivonl
Error: object 'nivonl' not found
> nivonly
# A tibble: 0 x 12
# Rowwise: 
# … with 12 variables: gene <chr>, chr <chr>, ident <dbl>, alignlen <dbl>,
#   mismatches <dbl>, gap <dbl>, qstart <dbl>, qend <dbl>, sstart <dbl>,
#   send <dbl>, eval <dbl>, store <dbl>
> nivonly=nivhits %>%
+     rowwise() %>%
+     filter(gene %in% refhits$gene)
> nivonly
# A tibble: 83 x 12
# Rowwise: 
   gene  chr   ident alignlen mismatches   gap qstart  qend sstart   send
   <chr> <chr> <dbl>    <dbl>      <dbl> <dbl>  <dbl> <dbl>  <dbl>  <dbl>
 1 CAGL… tig06  82.8     1469        237    15      1  1461 8.74e5 8.72e5
 2 CAGL… tig01  89.8     1369        134     6     18  1383 1.00e6 1.00e6
 3 CAGL… tig04  83.4     1522        248     4     56  1575 9.30e5 9.31e5
 4 CAGL… tig05  73.3      984        222    35    553  1515 5.09e5 5.08e5
 5 CAGL… tig01  73.9     1271        309    20     39  1298 1.42e6 1.42e6
 6 CAGL… tig07  80       1110        202     6    127  1235 8.95e4 9.06e4
 7 CAGL… tig12  85.5     1543        222     2    115  1656 6.01e5 6.02e5
 8 CAGL… tig12  77.6     1498        299    34    183  1661 1.71e5 1.70e5
 9 CAGL… tig05  78.5     1560        318    17    118  1668 9.11e5 9.13e5
10 CAGL… tig05  78.5     1560        318    17    118  1668 9.15e5 9.16e5
# … with 73 more rows, and 2 more variables: eval <dbl>, store <dbl>
> nivhits
# A tibble: 83 x 12
   gene  chr   ident alignlen mismatches   gap qstart  qend sstart   send
   <chr> <chr> <dbl>    <dbl>      <dbl> <dbl>  <dbl> <dbl>  <dbl>  <dbl>
 1 CAGL… tig06  82.8     1469        237    15      1  1461 8.74e5 8.72e5
 2 CAGL… tig01  89.8     1369        134     6     18  1383 1.00e6 1.00e6
 3 CAGL… tig04  83.4     1522        248     4     56  1575 9.30e5 9.31e5
 4 CAGL… tig05  73.3      984        222    35    553  1515 5.09e5 5.08e5
 5 CAGL… tig01  73.9     1271        309    20     39  1298 1.42e6 1.42e6
 6 CAGL… tig07  80       1110        202     6    127  1235 8.95e4 9.06e4
 7 CAGL… tig12  85.5     1543        222     2    115  1656 6.01e5 6.02e5
 8 CAGL… tig12  77.6     1498        299    34    183  1661 1.71e5 1.70e5
 9 CAGL… tig05  78.5     1560        318    17    118  1668 9.11e5 9.13e5
10 CAGL… tig05  78.5     1560        318    17    118  1668 9.15e5 9.16e5
# … with 73 more rows, and 2 more variables: eval <dbl>, store <dbl>
> refhits
# A tibble: 48 x 12
   gene  chr   ident alignlen mismatches   gap qstart  qend sstart   send
   <chr> <chr> <dbl>    <dbl>      <dbl> <dbl>  <dbl> <dbl>  <dbl>  <dbl>
 1 CAGL… CAPV…  82.8     1469        237    15      1  1461   6449   7909
 2 CAGL… CAPV…  89.8     1369        134     6     18  1383 420949 422314
 3 CAGL… CAPV…  83.4     1522        248     4     56  1575   2583   1064
 4 CAGL… CAPV…  73.3      984        222    34    553  1515  56599  57562
 5 CAGL… CAPV…  73.9     1271        309    20     39  1298   5995   4737
 6 CAGL… CAPV…  80       1110        202     6    127  1235 116307 115217
 7 CAGL… CAPV…  85.5     1543        222     2    115  1656 226306 227847
 8 CAGL… CAPV…  78.5     1560        318    17    118  1668  84119  82569
 9 CAGL… CAPV…  78.7     1517        307    14    154  1662 106312 107820
10 CAGL… CAPV…  77.6     1498        299    34    183  1661  78336  76857
# … with 38 more rows, and 2 more variables: eval <dbl>, store <dbl>
> unique(refhits$gene)
 [1] "CAGL0A04829g" "CAGL0D00176g" "CAGL0D06688g" "CAGL0E06556g" "CAGL0H10604g"
 [6] "CAGL0I00286g" "CAGL0L00319g" "CAGL0L13365r" "CAGL0L13398r" "CAGL0L13420r"
[11] "CAGL0L13442r" "CAGL0L13464r" "CAGL0L13486r" "CAGL0L13508r" "CAGL0L13530r"
[16] "CAGL0M14047g" "CAGL0M14069g" "CAGL0M14124r" "CAGL0M14146r" "CAGL0M14168r"
[21] "CAGL0M14190r" "CAGL0M14212r" "CAGL0M14234r" "CAGL0M14256r" "CAGL0M14278r"
> unique(nivhits$gene)
 [1] "CAGL0A04829g" "CAGL0D00176g" "CAGL0D06688g" "CAGL0E06556g" "CAGL0H10604g"
 [6] "CAGL0I00286g" "CAGL0L00319g" "CAGL0L13365r" "CAGL0L13398r" "CAGL0L13420r"
[11] "CAGL0L13442r" "CAGL0L13464r" "CAGL0L13486r" "CAGL0L13508r" "CAGL0L13530r"
[16] "CAGL0M14047g" "CAGL0M14069g" "CAGL0M14124r" "CAGL0M14146r" "CAGL0M14168r"
[21] "CAGL0M14190r" "CAGL0M14212r" "CAGL0M14234r" "CAGL0M14256r" "CAGL0M14278r"
>nivhits=read_tsv(nivtsv, comment='#', col_names=cnames)
Parsed with column specification:
cols(
  gene = col_character(),
  chr = col_character(),
  ident = col_double(),
  alignlen = col_double(),
  mismatches = col_double(),
  gap = col_double(),
  qstart = col_double(),
  qend = col_double(),
  sstart = col_double(),
  send = col_double(),
  eval = col_double(),
  store = col_double()
)
> refhits=read_tsv(reftsv, comment='#', col_names=cnames)
Parsed with column specification:
cols(
  gene = col_character(),
  chr = col_character(),
  ident = col_double(),
  alignlen = col_double(),
  mismatches = col_double(),
  gap = col_double(),
  qstart = col_double(),
  qend = col_double(),
  sstart = col_double(),
  send = col_double(),
  eval = col_double(),
  store = col_double()
)
> unique(refhits$gene)
 [1] "CAGL0A04829g" "CAGL0B00165r" "CAGL0B00220g" "CAGL0B00242g" "CAGL0D00176g"
 [6] "CAGL0D06688g" "CAGL0E00297r" "CAGL0E06556g" "CAGL0H10604g" "CAGL0I00286g"
[11] "CAGL0J00143r" "CAGL0J00165g" "CAGL0J11968g" "CAGL0L00319g" "CAGL0L13365r"
[16] "CAGL0L13387r" "CAGL0L13398r" "CAGL0L13409r" "CAGL0L13420r" "CAGL0L13431r"
[21] "CAGL0L13442r" "CAGL0L13453r" "CAGL0L13464r" "CAGL0L13475r" "CAGL0L13486r"
[26] "CAGL0L13497r" "CAGL0L13508r" "CAGL0L13519r" "CAGL0L13530r" "CAGL0L13541r"
[31] "CAGL0M14047g" "CAGL0M14069g" "CAGL0M14124r" "CAGL0M14135r" "CAGL0M14146r"
[36] "CAGL0M14157r" "CAGL0M14168r" "CAGL0M14179r" "CAGL0M14190r" "CAGL0M14201r"
[41] "CAGL0M14212r" "CAGL0M14223r" "CAGL0M14234r" "CAGL0M14245r" "CAGL0M14256r"
[46] "CAGL0M14267r" "CAGL0M14278r" "CAGL0M14289r"
> unique(nivhits$gene)
 [1] "CAGL0A04829g" "CAGL0B00165r" "CAGL0B00220g" "CAGL0B00242g" "CAGL0D00176g"
 [6] "CAGL0D06688g" "CAGL0E00297r" "CAGL0E06556g" "CAGL0H10604g" "CAGL0I00286g"
[11] "CAGL0J00143r" "CAGL0J00165g" "CAGL0J11968g" "CAGL0L00319g" "CAGL0L13365r"
[16] "CAGL0L13387r" "CAGL0L13398r" "CAGL0L13409r" "CAGL0L13420r" "CAGL0L13431r"
[21] "CAGL0L13442r" "CAGL0L13453r" "CAGL0L13464r" "CAGL0L13475r" "CAGL0L13486r"
[26] "CAGL0L13497r" "CAGL0L13508r" "CAGL0L13519r" "CAGL0L13530r" "CAGL0L13541r"
[31] "CAGL0M14047g" "CAGL0M14069g" "CAGL0M14124r" "CAGL0M14135r" "CAGL0M14146r"
[36] "CAGL0M14157r" "CAGL0M14168r" "CAGL0M14179r" "CAGL0M14190r" "CAGL0M14201r"
[41] "CAGL0M14212r" "CAGL0M14223r" "CAGL0M14234r" "CAGL0M14245r" "CAGL0M14256r"
[46] "CAGL0M14267r" "CAGL0M14278r" "CAGL0M14289r"
> nivhits
# A tibble: 197 x 12
   gene  chr   ident alignlen mismatches   gap qstart  qend sstart   send
   <chr> <chr> <dbl>    <dbl>      <dbl> <dbl>  <dbl> <dbl>  <dbl>  <dbl>
 1 CAGL… tig06  82.8     1469        237    15      1  1461 8.74e5 8.72e5
 2 CAGL… tig09  91.6      119          7     3      1   119 1.86e5 1.86e5
 3 CAGL… tig09  89.9      119          8     3      1   119 7.27e4 7.28e4
 4 CAGL… tig03  90.8      119          7     3      1   119 9.57e5 9.57e5
 5 CAGL… tig03  90.8      119          7     3      1   119 1.06e6 1.06e6
 6 CAGL… tig10  89.9      119          8     3      1   119 7.88e4 7.89e4
 7 CAGL… tig07  89.9      119          8     3      1   119 1.60e5 1.59e5
 8 CAGL… tig01  89.9      119          8     3      1   119 1.89e5 1.89e5
 9 CAGL… tig01  89.1      119          9     3      1   119 1.25e6 1.25e6
10 CAGL… tig08  89.1      119          9     3      1   119 9.26e3 9.37e3
# … with 187 more rows, and 2 more variables: eval <dbl>, store <dbl>
> refhits
# A tibble: 94 x 12
   gene  chr   ident alignlen mismatches   gap qstart  qend sstart   send
   <chr> <chr> <dbl>    <dbl>      <dbl> <dbl>  <dbl> <dbl>  <dbl>  <dbl>
 1 CAGL… CAPV…  82.8     1469        237    15      1  1461   6449   7909
 2 CAGL… CAPV…  91.6      119          7     3      1   119  44224  44109
 3 CAGL… CAPV…  90.8      119          7     3      1   119    967    853
 4 CAGL… CAPV…  90.8      119          7     3      1   119  37179  37065
 5 CAGL… CAPV…  89.9      119          8     3      1   119  18623  18509
 6 CAGL… CAPV…  89.9      119          8     3      1   119 746518 746632
 7 CAGL… CAPV…  89.9      119          8     3      1   119   2158   2044
 8 CAGL… CAPV…  89.9      119          8     3      1   119  46289  46403
 9 CAGL… CAPV…  89.1      119          9     3      1   119 171538 171652
10 CAGL… CAPV…  89.1      119          9     3      1   119   4873   4987
# … with 84 more rows, and 2 more variables: eval <dbl>, store <dbl>
> tig9=nivhits %>% filter(chr=='tig09')
> tig9
# A tibble: 5 x 12
  gene  chr   ident alignlen mismatches   gap qstart  qend sstart   send
  <chr> <chr> <dbl>    <dbl>      <dbl> <dbl>  <dbl> <dbl>  <dbl>  <dbl>
1 CAGL… tig09  91.6      119          7     3      1   119 186341 186456
2 CAGL… tig09  89.9      119          8     3      1   119  72671  72785
3 CAGL… tig09  76.6     1489        326    22    183  1659 685023 683546
4 CAGL… tig09  76.1     1507        334    22    175  1668 352325 350832
5 CAGL… tig09  75.2     1506        330    42    179  1662 357433 355950
# … with 2 more variables: eval <dbl>, store <dbl>
> data.frame(tig9)
          gene   chr  ident alignlen mismatches gap qstart qend sstart   send
1 CAGL0B00165r tig09 91.597      119          7   3      1  119 186341 186456
2 CAGL0B00165r tig09 89.916      119          8   3      1  119  72671  72785
3 CAGL0I00286g tig09 76.561     1489        326  22    183 1659 685023 683546
4 CAGL0I00286g tig09 76.111     1507        334  22    175 1668 352325 350832
5 CAGL0I00286g tig09 75.166     1506        330  42    179 1662 357433 355950
      eval store
1 2.31e-40   161
2 5.00e-37   150
3 0.00e+00   795
4 0.00e+00   765
5 0.00e+00   669
> tig9=nivhits %>% filter(chr=='CAGL0I00286g')
> gene=nivhits %>% filter(chr=='CAGL0I00286g')
> gene
# A tibble: 0 x 12
# … with 12 variables: gene <chr>, chr <chr>, ident <dbl>, alignlen <dbl>,
#   mismatches <dbl>, gap <dbl>, qstart <dbl>, qend <dbl>, sstart <dbl>,
#   send <dbl>, eval <dbl>, store <dbl>
> gene=nivhits %>% filter(gene=='CAGL0I00286g')
> gene
# A tibble: 9 x 12
  gene  chr   ident alignlen mismatches   gap qstart  qend sstart   send  eval
  <chr> <chr> <dbl>    <dbl>      <dbl> <dbl>  <dbl> <dbl>  <dbl>  <dbl> <dbl>
1 CAGL… tig12  85.5     1543        222     2    115  1656 600522 602063     0
2 CAGL… tig12  77.6     1498        299    34    183  1661 171106 169627     0
3 CAGL… tig05  78.5     1560        318    17    118  1668 911231 912781     0
4 CAGL… tig05  78.5     1560        318    17    118  1668 914705 916255     0
5 CAGL… tig05  78.5     1560        318    17    118  1668 918195 919745     0
6 CAGL… tig02  78.7     1514        306    14    157  1662 771018 769513     0
7 CAGL… tig09  76.6     1489        326    22    183  1659 685023 683546     0
8 CAGL… tig09  76.1     1507        334    22    175  1668 352325 350832     0
9 CAGL… tig09  75.2     1506        330    42    179  1662 357433 355950     0
# … with 1 more variable: store <dbl>
> refgene=refhits %>% filter(gene=='CAGL0I00286g')
> refgene
# A tibble: 7 x 12
  gene  chr   ident alignlen mismatches   gap qstart  qend sstart   send  eval
  <chr> <chr> <dbl>    <dbl>      <dbl> <dbl>  <dbl> <dbl>  <dbl>  <dbl> <dbl>
1 CAGL… CAPV…  85.5     1543        222     2    115  1656 226306 227847     0
2 CAGL… CAPV…  78.5     1560        318    17    118  1668  84119  82569     0
3 CAGL… CAPV…  78.7     1517        307    14    154  1662 106312 107820     0
4 CAGL… CAPV…  77.6     1498        299    34    183  1661  78336  76857     0
5 CAGL… CAPV…  76.6     1489        326    22    183  1659  29053  30530     0
6 CAGL… CAPV…  76.1     1508        332    24    167  1659   1341   2835     0
7 CAGL… CAPV…  75.2     1503        329    42    179  1659 293615 295095     0
# … with 1 more variable: store <dbl>
> data.frame(refgene)
          gene            chr  ident alignlen mismatches gap qstart qend sstart
1 CAGL0I00286g CAPV01000016.1 85.483     1543        222   2    115 1656 226306
2 CAGL0I00286g CAPV01000039.1 78.462     1560        318  17    118 1668  84119
3 CAGL0I00286g CAPV01000011.1 78.708     1517        307  14    154 1662 106312
4 CAGL0I00286g CAPV01000020.1 77.570     1498        299  34    183 1661  78336
5 CAGL0I00286g CAPV01000103.1 76.561     1489        326  22    183 1659  29053
6 CAGL0I00286g CAPV01000101.1 76.127     1508        332  24    167 1659   1341
7 CAGL0I00286g CAPV01000102.1 75.183     1503        329  42    179 1659 293615
    send eval store
1 227847    0  1607
2  82569    0  1003
3 107820    0   998
4  76857    0   870
5  30530    0   795
6   2835    0   765
7 295095    0   669
> data.frame gene
Error: unexpected symbol in "data.frame gene"
> data.frame(gene)
          gene   chr  ident alignlen mismatches gap qstart qend sstart   send
1 CAGL0I00286g tig12 85.483     1543        222   2    115 1656 600522 602063
2 CAGL0I00286g tig12 77.570     1498        299  34    183 1661 171106 169627
3 CAGL0I00286g tig05 78.462     1560        318  17    118 1668 911231 912781
4 CAGL0I00286g tig05 78.462     1560        318  17    118 1668 914705 916255
5 CAGL0I00286g tig05 78.462     1560        318  17    118 1668 918195 919745
6 CAGL0I00286g tig02 78.732     1514        306  14    157 1662 771018 769513
7 CAGL0I00286g tig09 76.561     1489        326  22    183 1659 685023 683546
8 CAGL0I00286g tig09 76.111     1507        334  22    175 1668 352325 350832
9 CAGL0I00286g tig09 75.166     1506        330  42    179 1662 357433 355950
  eval store
1    0  1607
2    0   870
3    0  1003
4    0  1003
5    0  1003
6    0   998
7    0   795
8    0   765
9    0   669
> unique(nivhits$gene)
 [1] "CAGL0A04829g" "CAGL0B00165r" "CAGL0B00220g" "CAGL0B00242g" "CAGL0D00176g"
 [6] "CAGL0D06688g" "CAGL0E00297r" "CAGL0E06556g" "CAGL0H10604g" "CAGL0I00286g"
[11] "CAGL0J00143r" "CAGL0J00165g" "CAGL0J11968g" "CAGL0L00319g" "CAGL0L13365r"
[16] "CAGL0L13387r" "CAGL0L13398r" "CAGL0L13409r" "CAGL0L13420r" "CAGL0L13431r"
[21] "CAGL0L13442r" "CAGL0L13453r" "CAGL0L13464r" "CAGL0L13475r" "CAGL0L13486r"
[26] "CAGL0L13497r" "CAGL0L13508r" "CAGL0L13519r" "CAGL0L13530r" "CAGL0L13541r"
[31] "CAGL0M14047g" "CAGL0M14069g" "CAGL0M14124r" "CAGL0M14135r" "CAGL0M14146r"
[36] "CAGL0M14157r" "CAGL0M14168r" "CAGL0M14179r" "CAGL0M14190r" "CAGL0M14201r"
[41] "CAGL0M14212r" "CAGL0M14223r" "CAGL0M14234r" "CAGL0M14245r" "CAGL0M14256r"
[46] "CAGL0M14267r" "CAGL0M14278r" "CAGL0M14289r"
> refgene=refhits %>% filter(gene=='CAGL0B00220g')
> gene=nivhits %>% filter(gene=='CAGL0B00220g')
> data.frame(gene)
          gene   chr  ident alignlen mismatches gap qstart qend sstart   send
1 CAGL0B00220g tig10 87.037      216         28   0     16  231  97418  97633
2 CAGL0B00220g tig10 86.854      213         28   0     19  231   9083   9295
3 CAGL0B00220g tig05 91.503      153         13   0     79  231  10264  10112
4 CAGL0B00220g tig02 92.143      140         11   0     92  231 745095 744956
      eval store
1 4.76e-65   244
2 2.21e-63   239
3 4.83e-55   211
4 3.76e-51   198
> data.frame(refgene)
          gene            chr  ident alignlen mismatches gap qstart qend sstart
1 CAGL0B00220g CAPV01000032.1 86.154      195         27   0     37  231 252535
2 CAGL0B00220g CAPV01000011.1 92.143      140         11   0     92  231 132237
    send     eval store
1 252729 4.71e-55   211
2 132376 3.67e-51   198
> refgene=refhits %>% filter(gene=='CAGL0B00242g')
> gene=nivhits %>% filter(gene=='CAGL0B00242g')
> data.frame(refgene)
          gene            chr  ident alignlen mismatches gap qstart qend sstart
1 CAGL0B00242g CAPV01000032.1 96.104       77          3   0    479  555 252772
2 CAGL0B00242g CAPV01000011.1 96.104       77          3   0    479  555 132419
    send     eval store
1 252696 4.47e-29   126
2 132343 4.47e-29   126
> data.frame(gene)
          gene   chr  ident alignlen mismatches gap qstart qend sstart   send
1 CAGL0B00242g tig10 89.873      158         13   3    400  555   9418   9262
2 CAGL0B00242g tig10 89.873      158         13   3    400  555  97756  97600
3 CAGL0B00242g tig05 96.104       77          3   0    479  555  10069  10145
4 CAGL0B00242g tig02 96.104       77          3   0    479  555 744913 744989
      eval store
1 2.66e-51   200
2 2.66e-51   200
3 4.58e-29   126
4 4.58e-29   126
> regions
Error: object 'regions' not found
> regiontable
Error: object 'regiontable' not found
> regiontable=read_csv(regionsfile) %>%
+     filter(!str_detect(Status, 'Removed')) %>%
+     select(-Source, -Note, -CommonName)
Parsed with column specification:
cols(
  Systematic_Name = col_character(),
  Type = col_character(),
  Source = col_character(),
  Status = col_character(),
  Note = col_character(),
  Chrom = col_character(),
  Start = col_double(),
  End = col_double(),
  Length = col_double(),
  Direction = col_character(),
  CommonName = col_character(),
  Is_Adehesin = col_character(),
  Is_Repetitive = col_character()
)
> regions=GRanges(seqnames=regiontable$Chrom,
+                 ranges=IRanges(start=regiontable$Start, end=regiontable$End),
+                 strand=regiontable$Direction,
+                 gene=regiontable$Systematic_Name)
> regions
GRanges object with 130 ranges and 1 metadata column:
        seqnames          ranges strand |         gene
           <Rle>       <IRanges>  <Rle> |  <character>
    [1]     ChrA      3717-19457      - | CAGL0A00099g
    [2]     ChrA     32685-33524      - | CAGL0A00165g
    [3]     ChrA   485439-486899      - | CAGL0A04829g
    [4]     ChrA   497604-523882      + | CAGL0A04851g
    [5]     ChrB       4512-7379      - | CAGL0B00154g
    ...      ...             ...    ... .          ...
  [126]     ChrM 1445464-1448871      - | CAGL0M14256r
  [127]     ChrM 1449101-1449258      - | CAGL0M14267r
  [128]     ChrM 1449659-1451458      - | CAGL0M14278r
  [129]     ChrM 1453589-1453709      + | CAGL0M14289r
  [130]     ChrM 1455071-1458271      - | CAGL0M14300g
  -------
  seqinfo: 13 sequences from an unspecified genome; no seqlengths
> regiontable
# A tibble: 130 x 10
   Systematic_Name Type  Status Chrom  Start    End Length Direction Is_Adehesin
   <chr>           <chr> <chr>  <chr>  <dbl>  <dbl>  <dbl> <chr>     <chr>      
 1 CAGL0A00099g    Tel   telom… ChrA    3717  19457  15741 -         yes        
 2 CAGL0A00165g    Syn   synte… ChrA   32685  33524    840 -         no         
 3 CAGL0A04829g    Syn   synte… ChrA  485439 486899   1461 -         no         
 4 CAGL0A04851g    Tel   telom… ChrA  497604 523882  26279 +         yes        
 5 CAGL0B00154g    Tel   telom… ChrB    4512   7379   2868 -         yes        
 6 CAGL0B00165r    Tel   telom… ChrB   11772  11890    119 -         NA         
 7 CAGL0B00220g    MLT3  Non-s… ChrB   13395  13625    231 +         no         
 8 CAGL0B00242g    Syn   synte… ChrB   13592  14146    555 -         no         
 9 CAGL0B05049g    Syn   synte… ChrB  490197 494609   4413 +         no         
10 CAGL0B05061g    Tel   telom… ChrB  501209 507904   6696 +         yes        
# … with 120 more rows, and 1 more variable: Is_Repetitive <chr>
> repgenes=regiontable %>%
+     filter(Is_Repetitive=='yes')
> repgenes
# A tibble: 40 x 10
   Systematic_Name Type  Status Chrom  Start    End Length Direction Is_Adehesin
   <chr>           <chr> <chr>  <chr>  <dbl>  <dbl>  <dbl> <chr>     <chr>      
 1 CAGL0A00099g    Tel   telom… ChrA    3717  19457  15741 -         yes        
 2 CAGL0A04851g    Tel   telom… ChrA  497604 523882  26279 +         yes        
 3 CAGL0B00154g    Tel   telom… ChrB    4512   7379   2868 -         yes        
 4 CAGL0B05061g    Tel   telom… ChrB  501209 507904   6696 +         yes        
 5 CAGL0C00209g    Tel   telom… ChrC   14851  16164   1314 -         yes        
 6 CAGL0C00253g    Tel   telom… ChrC   22109  31435   9327 -         yes        
 7 CAGL0D00143g    Tel   telom… ChrD    5177  15169   9993 -         yes        
 8 CAGL0D06743g    Tel   telom… ChrD  659213 663514   4302 +         yes        
 9 CAGL0E00165g    Tel   telom… ChrE    3778  13230   9453 -         yes        
10 CAGL0E00231g    Tel   telom… ChrE   22262  35956  13695 -         yes        
# … with 30 more rows, and 1 more variable: Is_Repetitive <chr>
> intersect(repgenes$Systematic_Name, unique(nivhits$gene))
[1] "CAGL0J11968g" "CAGL0M14069g"
> foundreps=intersect(repgenes$Systematic_Name, unique(nivhits$gene))
> foundreps
[1] "CAGL0J11968g" "CAGL0M14069g"
> gene=nivhits %>% filter(gene==foundreps[1])
> gene
# A tibble: 1 x 12
  gene  chr   ident alignlen mismatches   gap qstart  qend sstart  send     eval
  <chr> <chr> <dbl>    <dbl>      <dbl> <dbl>  <dbl> <dbl>  <dbl> <dbl>    <dbl>
1 CAGL… tig11  72.9      214         51     7    484   693  17215 17425 1.51e-10
# … with 1 more variable: store <dbl>
> gene=nivhits %>% filter(gene==foundreps[2])
> gene
# A tibble: 2 x 12
  gene  chr   ident alignlen mismatches   gap qstart  qend sstart  send     eval
  <chr> <chr> <dbl>    <dbl>      <dbl> <dbl>  <dbl> <dbl>  <dbl> <dbl>    <dbl>
1 CAGL… tig02  71.1      516        127    20    343   847  19122 18618 8.03e-23
2 CAGL… tig02  71.1      516        127    20    343   847  22757 22253 8.03e-23
# … with 1 more variable: store <dbl>
> repgene=rephits %>% filter(gene==foundreps[2])
Error in eval(lhs, parent, parent) : object 'rephits' not found
> refgene=refhits %>% filter(gene==foundreps[2])
> refgene
# A tibble: 1 x 12
  gene  chr   ident alignlen mismatches   gap qstart  qend sstart   send
  <chr> <chr> <dbl>    <dbl>      <dbl> <dbl>  <dbl> <dbl>  <dbl>  <dbl>
1 CAGL… CAPV…  71.1      519        128    20    340   847 201468 201975
# … with 2 more variables: eval <dbl>, store <dbl>
> gene
# A tibble: 2 x 12
  gene  chr   ident alignlen mismatches   gap qstart  qend sstart  send     eval
  <chr> <chr> <dbl>    <dbl>      <dbl> <dbl>  <dbl> <dbl>  <dbl> <dbl>    <dbl>
1 CAGL… tig02  71.1      516        127    20    343   847  19122 18618 8.03e-23
2 CAGL… tig02  71.1      516        127    20    343   847  22757 22253 8.03e-23
# … with 1 more variable: store <dbl>
> 